  Determining projects to restore...
  All projects are up-to-date for restore.
C:\Users\Administrator\OneDrive\Documents\Agilebz Attatchment\StudentManagementSystem-Backend\src\StudentManagementAPI\StudentManagementAPI\Program.cs(13,1): error CS8802: Only one compilation unit can have top-level statements. [C:\Users\Administrator\OneDrive\Documents\Agilebz Attatchment\StudentManagementSystem-Backend\src\StudentManagementAPI\StudentManagementAPI\StudentManagementAPI.csproj]

Build FAILED.

C:\Users\Administrator\OneDrive\Documents\Agilebz Attatchment\StudentManagementSystem-Backend\src\StudentManagementAPI\StudentManagementAPI\Program.cs(13,1): error CS8802: Only one compilation unit can have top-level statements. [C:\Users\Administrator\OneDrive\Documents\Agilebz Attatchment\StudentManagementSystem-Backend\src\StudentManagementAPI\StudentManagementAPI\StudentManagementAPI.csproj]
    0 Warning(s)
    1 Error(s)

Time Elapsed 00:00:08.87
